// Bun Snapshot v1, https://goo.gl/fbAQLP

exports[`lambda resource group snapshot 1`] = `
AwsResourceGroup {
  "config": {
    "config": {
      "fileName": "src/fns/handler.fn/index.js",
      "handler": "handler",
    },
  },
  "dependencies": {},
  "id": 0,
  "platform": "aws",
  "resources": [
    {
      "config": {
        "fileName": "src/fns/handler.fn/index.js",
      },
      "create": undefined,
      "delete": undefined,
      "dependencies": {},
      "groupId": 0,
      "id": 0,
      "idKey": undefined,
      "output": null,
      "read": undefined,
      "retryOn": undefined,
      "type": "std/zip",
      "update": undefined,
    },
    {
      "config": {
        "RoleName": "0-role",
      },
      "create": [Function: AsyncFunction],
      "delete": undefined,
      "dependencies": {},
      "groupId": 0,
      "id": 1,
      "idKey": undefined,
      "output": null,
      "read": undefined,
      "retryOn": undefined,
      "type": "aws/lambda/role",
      "update": undefined,
    },
    {
      "config": {
        "PolicyArn": "arn:aws:iam::aws:policy/service-role/AWSLambdaBasicExecutionRole",
      },
      "create": [Function: AsyncFunction],
      "delete": undefined,
      "dependencies": {
        "role": {
          "config": {
            "RoleName": "0-role",
          },
          "create": [Function: AsyncFunction],
          "delete": undefined,
          "dependencies": {},
          "groupId": 0,
          "id": 1,
          "idKey": undefined,
          "output": null,
          "read": undefined,
          "retryOn": undefined,
          "type": "aws/lambda/role",
          "update": undefined,
        },
      },
      "groupId": 0,
      "id": 2,
      "idKey": undefined,
      "output": null,
      "read": undefined,
      "retryOn": undefined,
      "type": "aws/lambda/policy-attachment",
      "update": undefined,
    },
    {
      "config": {
        "FunctionName": "function-0",
        "Handler": "index.handler",
        "Runtime": "nodejs18.x",
      },
      "create": [Function: AsyncFunction],
      "delete": undefined,
      "dependencies": {
        "policyAttachment": {
          "config": {
            "PolicyArn": "arn:aws:iam::aws:policy/service-role/AWSLambdaBasicExecutionRole",
          },
          "create": [Function: AsyncFunction],
          "delete": undefined,
          "dependencies": {
            "role": {
              "config": {
                "RoleName": "0-role",
              },
              "create": [Function: AsyncFunction],
              "delete": undefined,
              "dependencies": {},
              "groupId": 0,
              "id": 1,
              "idKey": undefined,
              "output": null,
              "read": undefined,
              "retryOn": undefined,
              "type": "aws/lambda/role",
              "update": undefined,
            },
          },
          "groupId": 0,
          "id": 2,
          "idKey": undefined,
          "output": null,
          "read": undefined,
          "retryOn": undefined,
          "type": "aws/lambda/policy-attachment",
          "update": undefined,
        },
        "role": {
          "config": {
            "RoleName": "0-role",
          },
          "create": [Function: AsyncFunction],
          "delete": undefined,
          "dependencies": {},
          "groupId": 0,
          "id": 1,
          "idKey": undefined,
          "output": null,
          "read": undefined,
          "retryOn": undefined,
          "type": "aws/lambda/role",
          "update": undefined,
        },
        "zipFile": {
          "config": {
            "fileName": "src/fns/handler.fn/index.js",
          },
          "create": undefined,
          "delete": undefined,
          "dependencies": {},
          "groupId": 0,
          "id": 0,
          "idKey": undefined,
          "output": null,
          "read": undefined,
          "retryOn": undefined,
          "type": "std/zip",
          "update": undefined,
        },
      },
      "groupId": 0,
      "id": 3,
      "idKey": undefined,
      "output": null,
      "read": undefined,
      "retryOn": [
        "InvalidParameterValueException",
      ],
      "type": "aws/lambda",
      "update": undefined,
    },
    {
      "config": {},
      "create": [Function: AsyncFunction],
      "delete": undefined,
      "dependencies": {
        "lambda": {
          "config": {
            "FunctionName": "function-0",
            "Handler": "index.handler",
            "Runtime": "nodejs18.x",
          },
          "create": [Function: AsyncFunction],
          "delete": undefined,
          "dependencies": {
            "policyAttachment": {
              "config": {
                "PolicyArn": "arn:aws:iam::aws:policy/service-role/AWSLambdaBasicExecutionRole",
              },
              "create": [Function: AsyncFunction],
              "delete": undefined,
              "dependencies": {
                "role": {
                  "config": {
                    "RoleName": "0-role",
                  },
                  "create": [Function: AsyncFunction],
                  "delete": undefined,
                  "dependencies": {},
                  "groupId": 0,
                  "id": 1,
                  "idKey": undefined,
                  "output": null,
                  "read": undefined,
                  "retryOn": undefined,
                  "type": "aws/lambda/role",
                  "update": undefined,
                },
              },
              "groupId": 0,
              "id": 2,
              "idKey": undefined,
              "output": null,
              "read": undefined,
              "retryOn": undefined,
              "type": "aws/lambda/policy-attachment",
              "update": undefined,
            },
            "role": {
              "config": {
                "RoleName": "0-role",
              },
              "create": [Function: AsyncFunction],
              "delete": undefined,
              "dependencies": {},
              "groupId": 0,
              "id": 1,
              "idKey": undefined,
              "output": null,
              "read": undefined,
              "retryOn": undefined,
              "type": "aws/lambda/role",
              "update": undefined,
            },
            "zipFile": {
              "config": {
                "fileName": "src/fns/handler.fn/index.js",
              },
              "create": undefined,
              "delete": undefined,
              "dependencies": {},
              "groupId": 0,
              "id": 0,
              "idKey": undefined,
              "output": null,
              "read": undefined,
              "retryOn": undefined,
              "type": "std/zip",
              "update": undefined,
            },
          },
          "groupId": 0,
          "id": 3,
          "idKey": undefined,
          "output": null,
          "read": undefined,
          "retryOn": [
            "InvalidParameterValueException",
          ],
          "type": "aws/lambda",
          "update": undefined,
        },
      },
      "groupId": 0,
      "id": 4,
      "idKey": undefined,
      "output": null,
      "read": undefined,
      "retryOn": undefined,
      "type": "aws/lambda/log-group",
      "update": undefined,
    },
  ],
  "type": "aws/function",
}
`;
